src/app/(dashboard)/book/address/page.tsx(133,17): error TS2304: Cannot find name 'Package'.
src/app/(dashboard)/book/confirmed/[awb]/page.tsx(99,19): error TS2304: Cannot find name 'ShieldCheck'.
src/app/(dashboard)/book/international/page.tsx(179,31): error TS2304: Cannot find name 'Badge'.
src/app/(dashboard)/book/international/page.tsx(179,142): error TS2304: Cannot find name 'Badge'.
src/app/(dashboard)/book/international/page.tsx(181,33): error TS2304: Cannot find name 'Badge'.
src/app/(dashboard)/book/international/page.tsx(181,168): error TS2304: Cannot find name 'Badge'.
src/app/(dashboard)/dashboard/page.tsx(142,32): error TS2304: Cannot find name 'ArrowRight'.
src/app/(dashboard)/profile/page.tsx(104,20): error TS2304: Cannot find name 'Badge'.
src/app/(dashboard)/profile/page.tsx(104,146): error TS2304: Cannot find name 'Badge'.
src/app/api/auth/[...nextauth]/route.ts(1,22): error TS2307: Cannot find module 'next-auth' or its corresponding type declarations.
src/app/api/rates/route.ts(1,30): error TS2307: Cannot find module 'next/server' or its corresponding type declarations.
src/app/layout.tsx(2,42): error TS2307: Cannot find module 'next/font/google' or its corresponding type declarations.
src/components/landing/FaqAccordion.tsx(44,20): error TS2322: Type '{ children: Element[]; type: string; collapsible: true; className: string; }' is not assignable to type 'IntrinsicAttributes & Props<any>'.
  Property 'type' does not exist on type 'IntrinsicAttributes & Props<any>'.
src/components/providers/AuthProvider.tsx(1,33): error TS2307: Cannot find module 'next-auth/react' or its corresponding type declarations.
src/lib/auth.ts(1,33): error TS2307: Cannot find module 'next-auth' or its corresponding type declarations.
src/lib/auth.ts(2,33): error TS2307: Cannot find module 'next-auth/providers/credentials' or its corresponding type declarations.
src/lib/auth.ts(3,28): error TS2307: Cannot find module 'next-auth/providers/google' or its corresponding type declarations.
src/lib/auth.ts(25,23): error TS7006: Parameter 'credentials' implicitly has an 'any' type.
src/lib/auth.ts(47,20): error TS7031: Binding element 'user' implicitly has an 'any' type.
src/lib/auth.ts(47,26): error TS7031: Binding element 'account' implicitly has an 'any' type.
src/lib/auth.ts(47,35): error TS7031: Binding element 'profile' implicitly has an 'any' type.
src/lib/auth.ts(64,21): error TS7031: Binding element 'token' implicitly has an 'any' type.
src/lib/auth.ts(64,28): error TS7031: Binding element 'session' implicitly has an 'any' type.
src/lib/auth.ts(71,17): error TS7031: Binding element 'token' implicitly has an 'any' type.
src/lib/auth.ts(71,24): error TS7031: Binding element 'user' implicitly has an 'any' type.
src/lib/db.ts(1,10): error TS2305: Module '"@prisma/client"' has no exported member 'PrismaClient'.
src/main.tsx(4,17): error TS5097: An import path can only end with a '.tsx' extension when 'allowImportingTsExtensions' is enabled.
