src/lib/notification-consumer.ts(15,10): error TS2305: Module '"./msg91"' has no exported member 'sendOtpSms'.
src/lib/tracking-webhooks.ts(19,31): error TS2307: Cannot find module '../mongo' or its corresponding type declarations.
src/lib/tracking-webhooks.ts(21,35): error TS2307: Cannot find module '../kafka' or its corresponding type declarations.
src/lib/tracking-webhooks.ts(22,37): error TS2307: Cannot find module '../queues' or its corresponding type declarations.
src/lib/tracking-webhooks.ts(23,40): error TS2307: Cannot find module '../queues' or its corresponding type declarations.
src/lib/workers.ts(87,23): error TS2339: Property 'sendOtpSms' does not exist on type 'typeof import("C:/Users/samee/OneDrive/Documents/GitHub/P2P-Shipping-Platform/server/src/lib/msg91")'.
src/lib/workers.ts(113,21): error TS2554: Expected 3 arguments, but got 1.
